// Jest Snapshot v1, https://goo.gl/fbAQLP

exports[`developer webhook event catalog matches the stable catalog snapshot 1`] = `
[
  {
    "eventType": "customer.created",
    "eventVersion": "v1",
    "resourceType": "customer",
    "source": "tenants",
  },
  {
    "eventType": "customer.updated",
    "eventVersion": "v1",
    "resourceType": "customer",
    "source": "tenants",
  },
  {
    "eventType": "subscription.created",
    "eventVersion": "v1",
    "resourceType": "subscription",
    "source": "billing.subscriptions",
  },
  {
    "eventType": "subscription.changed",
    "eventVersion": "v1",
    "resourceType": "subscription",
    "source": "billing.subscriptions",
  },
  {
    "eventType": "subscription.cancelled",
    "eventVersion": "v1",
    "resourceType": "subscription",
    "source": "billing.subscriptions",
  },
  {
    "eventType": "payment.succeeded",
    "eventVersion": "v1",
    "resourceType": "payment",
    "source": "billing.payments",
  },
  {
    "eventType": "payment.failed",
    "eventVersion": "v1",
    "resourceType": "payment",
    "source": "billing.payments",
  },
  {
    "eventType": "invoice.created",
    "eventVersion": "v1",
    "resourceType": "invoice",
    "source": "billing.finance",
  },
  {
    "eventType": "invoice.paid",
    "eventVersion": "v1",
    "resourceType": "invoice",
    "source": "billing.finance",
  },
  {
    "eventType": "funding.requested",
    "eventVersion": "v1",
    "resourceType": "funding_request",
    "source": "client-lifecycle",
  },
  {
    "eventType": "funding.confirmed",
    "eventVersion": "v1",
    "resourceType": "funding_request",
    "source": "client-lifecycle",
  },
  {
    "eventType": "withdrawal.requested",
    "eventVersion": "v1",
    "resourceType": "withdrawal_request",
    "source": "client-lifecycle",
  },
  {
    "eventType": "withdrawal.confirmed",
    "eventVersion": "v1",
    "resourceType": "withdrawal_request",
    "source": "client-lifecycle",
  },
  {
    "eventType": "copy.subscription.created",
    "eventVersion": "v1",
    "resourceType": "copy_subscription",
    "source": "copy-trading",
  },
  {
    "eventType": "copy.subscription.paused",
    "eventVersion": "v1",
    "resourceType": "copy_subscription",
    "source": "copy-trading",
  },
  {
    "eventType": "copy.subscription.resumed",
    "eventVersion": "v1",
    "resourceType": "copy_subscription",
    "source": "copy-trading",
  },
  {
    "eventType": "copy.subscription.stopped",
    "eventVersion": "v1",
    "resourceType": "copy_subscription",
    "source": "copy-trading",
  },
  {
    "eventType": "copy.subscription.cancelled",
    "eventVersion": "v1",
    "resourceType": "copy_subscription",
    "source": "copy-trading",
  },
  {
    "eventType": "copy.execution.filled",
    "eventVersion": "v1",
    "resourceType": "copy_execution",
    "source": "copy-trading",
  },
  {
    "eventType": "copy.execution.failed",
    "eventVersion": "v1",
    "resourceType": "copy_execution",
    "source": "copy-trading",
  },
  {
    "eventType": "copy.execution.skipped",
    "eventVersion": "v1",
    "resourceType": "copy_execution",
    "source": "copy-trading",
  },
  {
    "eventType": "risk.stop_triggered",
    "eventVersion": "v1",
    "resourceType": "risk_decision",
    "source": "risk-management",
  },
  {
    "eventType": "kill_switch.activated",
    "eventVersion": "v1",
    "resourceType": "kill_switch",
    "source": "risk-management",
  },
  {
    "eventType": "kill_switch.released",
    "eventVersion": "v1",
    "resourceType": "kill_switch",
    "source": "risk-management",
  },
  {
    "eventType": "trader.verified",
    "eventVersion": "v1",
    "resourceType": "trader_profile",
    "source": "copy-trading",
  },
  {
    "eventType": "fee.accrued",
    "eventVersion": "v1",
    "resourceType": "fee_accrual",
    "source": "billing.fees",
  },
  {
    "eventType": "fee.settled",
    "eventVersion": "v1",
    "resourceType": "fee_settlement",
    "source": "billing.fees",
  },
  {
    "eventType": "payout.completed",
    "eventVersion": "v1",
    "resourceType": "payout",
    "source": "billing.fees",
  },
  {
    "eventType": "order.created",
    "eventVersion": "v1",
    "resourceType": "order",
    "source": "oms",
  },
  {
    "eventType": "order.acknowledged",
    "eventVersion": "v1",
    "resourceType": "order",
    "source": "execution",
  },
  {
    "eventType": "order.filled",
    "eventVersion": "v1",
    "resourceType": "order",
    "source": "execution",
  },
  {
    "eventType": "order.rejected",
    "eventVersion": "v1",
    "resourceType": "order",
    "source": "oms",
  },
  {
    "eventType": "portfolio.snapshot.created",
    "eventVersion": "v1",
    "resourceType": "portfolio_snapshot",
    "source": "portfolio-accounting",
  },
  {
    "eventType": "statement.generated",
    "eventVersion": "v1",
    "resourceType": "statement",
    "source": "portfolio-accounting",
  },
  {
    "eventType": "compliance.review.required",
    "eventVersion": "v1",
    "resourceType": "compliance_review",
    "source": "compliance",
  },
  {
    "eventType": "security.event",
    "eventVersion": "v1",
    "resourceType": "security_event",
    "source": "security",
  },
]
`;
